Line: 34 + 89 - x * y23
34 : NUMBER
+ : SYMBOL
89 : NUMBER
- : SYMBOL
x : IDENTIFIER
* : SYMBOL
y23 : IDENTIFIER

Line: cxo6y / 67z23 * 56& 34 * x
cxo6y : IDENTIFIER
/ : SYMBOL
67 : NUMBER
z23 : IDENTIFIER
* : SYMBOL
56 : NUMBER
ERROR READING : &
34 : NUMBER
* : SYMBOL
x : IDENTIFIER

Line: 2 + x
2 : NUMBER
+ : SYMBOL
x : IDENTIFIER

Line: catfood-45
catfood : IDENTIFIER
- : SYMBOL
45 : NUMBER

Line: 45)
45 : NUMBER
) : SYMBOL

Line: catfood
catfood : IDENTIFIER

Line: catfood67.
catfood67 : IDENTIFIER
ERROR READING : .

Line: catfood45catfood45 : IDENTIFIER

